# ./pkg/modules/...
pattern ./pkg/modules/...: lstat ./pkg/modules/: no such file or directory
FAIL	./pkg/modules/... [setup failed]
ok  	github.com/openctemio/openctem/api/internal/app/command	0.012s
ok  	github.com/openctemio/openctem/api/internal/app/easm	0.049s
ok  	github.com/openctemio/openctem/api/internal/app/scan	0.307s
ok  	github.com/openctemio/openctem/api/internal/app/scanrun	0.104s
ok  	github.com/openctemio/openctem/api/internal/app/validation	0.687s
--- FAIL: TestOpenAPIDocumentsFilterParams (0.00s)
    filter_params_drift_test.go:72: open ../../../../api/openapi/swagger.yaml: no such file or directory (the spec is generated, not committed: run `make swagger` in api/ or `make generate` at the repository root)
FAIL
FAIL	github.com/openctemio/openctem/api/internal/infra/http/handler	0.724s
?   	github.com/openctemio/openctem/api/pkg/domain/accesscontrol	[no test files]
?   	github.com/openctemio/openctem/api/pkg/domain/accessrequest	[no test files]
?   	github.com/openctemio/openctem/api/pkg/domain/admin	[no test files]
?   	github.com/openctemio/openctem/api/pkg/domain/aitriage	[no test files]
?   	github.com/openctemio/openctem/api/pkg/domain/apikey	[no test files]
ok  	github.com/openctemio/openctem/api/pkg/domain/apispec	0.087s
ok  	github.com/openctemio/openctem/api/pkg/domain/asset	0.744s
ok  	github.com/openctemio/openctem/api/pkg/domain/assetgroup	0.002s
?   	github.com/openctemio/openctem/api/pkg/domain/assettype	[no test files]
ok  	github.com/openctemio/openctem/api/pkg/domain/attachment	0.002s
?   	github.com/openctemio/openctem/api/pkg/domain/attackerprofile	[no test files]
ok  	github.com/openctemio/openctem/api/pkg/domain/attribution	0.001s
ok  	github.com/openctemio/openctem/api/pkg/domain/audit	0.003s
?   	github.com/openctemio/openctem/api/pkg/domain/automation	[no test files]
ok  	github.com/openctemio/openctem/api/pkg/domain/bountyprogram	0.005s
?   	github.com/openctemio/openctem/api/pkg/domain/branch	[no test files]
?   	github.com/openctemio/openctem/api/pkg/domain/businessunit	[no test files]
?   	github.com/openctemio/openctem/api/pkg/domain/capability	[no test files]
ok  	github.com/openctemio/openctem/api/pkg/domain/cirun	0.006s
ok  	github.com/openctemio/openctem/api/pkg/domain/command	0.002s
?   	github.com/openctemio/openctem/api/pkg/domain/compensatingcontrol	[no test files]
ok  	github.com/openctemio/openctem/api/pkg/domain/compliance	0.005s
ok  	github.com/openctemio/openctem/api/pkg/domain/component	0.005s
ok  	github.com/openctemio/openctem/api/pkg/domain/contentpack	0.190s
?   	github.com/openctemio/openctem/api/pkg/domain/controllerlease	[no test files]
?   	github.com/openctemio/openctem/api/pkg/domain/credential	[no test files]
ok  	github.com/openctemio/openctem/api/pkg/domain/ctemcycle	0.008s
?   	github.com/openctemio/openctem/api/pkg/domain/ctemid	[no test files]
?   	github.com/openctemio/openctem/api/pkg/domain/cvecorpus	[no test files]
ok  	github.com/openctemio/openctem/api/pkg/domain/dashboard	0.002s
ok  	github.com/openctemio/openctem/api/pkg/domain/definition	0.005s
ok  	github.com/openctemio/openctem/api/pkg/domain/easmalert	0.001s
ok  	github.com/openctemio/openctem/api/pkg/domain/evidence	0.010s
ok  	github.com/openctemio/openctem/api/pkg/domain/exposure	0.002s
?   	github.com/openctemio/openctem/api/pkg/domain/findingsource	[no test files]
?   	github.com/openctemio/openctem/api/pkg/domain/group	[no test files]
?   	github.com/openctemio/openctem/api/pkg/domain/identityprovider	[no test files]
ok  	github.com/openctemio/openctem/api/pkg/domain/ingestjob	0.005s
?   	github.com/openctemio/openctem/api/pkg/domain/ingestreport	[no test files]
ok  	github.com/openctemio/openctem/api/pkg/domain/integration	0.002s
ok  	github.com/openctemio/openctem/api/pkg/domain/ioc	0.004s
ok  	github.com/openctemio/openctem/api/pkg/domain/lifecycle	0.002s
ok  	github.com/openctemio/openctem/api/pkg/domain/mcpoauth	0.002s
?   	github.com/openctemio/openctem/api/pkg/domain/mfa	[no test files]
ok  	github.com/openctemio/openctem/api/pkg/domain/module	0.002s
ok  	github.com/openctemio/openctem/api/pkg/domain/notification	0.002s
?   	github.com/openctemio/openctem/api/pkg/domain/orgtrust	[no test files]
?   	github.com/openctemio/openctem/api/pkg/domain/outbox	[no test files]
?   	github.com/openctemio/openctem/api/pkg/domain/pentest	[no test files]
ok  	github.com/openctemio/openctem/api/pkg/domain/permission	0.003s
?   	github.com/openctemio/openctem/api/pkg/domain/plan	[no test files]
?   	github.com/openctemio/openctem/api/pkg/domain/relationship	[no test files]
ok  	github.com/openctemio/openctem/api/pkg/domain/remediation	0.002s
ok  	github.com/openctemio/openctem/api/pkg/domain/reportschedule	0.002s
ok  	github.com/openctemio/openctem/api/pkg/domain/retest	0.004s
ok  	github.com/openctemio/openctem/api/pkg/domain/role	0.002s
?   	github.com/openctemio/openctem/api/pkg/domain/samlprovider	[no test files]
?   	github.com/openctemio/openctem/api/pkg/domain/savedview	[no test files]
ok  	github.com/openctemio/openctem/api/pkg/domain/scan	0.391s
ok  	github.com/openctemio/openctem/api/pkg/domain/scangov	0.002s
ok  	github.com/openctemio/openctem/api/pkg/domain/scannertemplate	0.003s
ok  	github.com/openctemio/openctem/api/pkg/domain/scanprofile	0.002s
ok  	github.com/openctemio/openctem/api/pkg/domain/scanrun	0.004s
ok  	github.com/openctemio/openctem/api/pkg/domain/scanwindow	0.006s
ok  	github.com/openctemio/openctem/api/pkg/domain/scanworkflow	0.003s
ok  	github.com/openctemio/openctem/api/pkg/domain/scanzone	0.011s
?   	github.com/openctemio/openctem/api/pkg/domain/scimgroup	[no test files]
?   	github.com/openctemio/openctem/api/pkg/domain/scimtoken	[no test files]
ok  	github.com/openctemio/openctem/api/pkg/domain/scope	0.003s
?   	github.com/openctemio/openctem/api/pkg/domain/scoping	[no test files]
ok  	github.com/openctemio/openctem/api/pkg/domain/secretstore	0.003s
ok  	github.com/openctemio/openctem/api/pkg/domain/sensor	0.030s
?   	github.com/openctemio/openctem/api/pkg/domain/sensorresult	[no test files]
?   	github.com/openctemio/openctem/api/pkg/domain/serviceaccount	[no test files]
?   	github.com/openctemio/openctem/api/pkg/domain/session	[no test files]
?   	github.com/openctemio/openctem/api/pkg/domain/shared	[no test files]
ok  	github.com/openctemio/openctem/api/pkg/domain/signup	0.004s
ok  	github.com/openctemio/openctem/api/pkg/domain/simulation	0.004s
ok  	github.com/openctemio/openctem/api/pkg/domain/sla	0.004s
ok  	github.com/openctemio/openctem/api/pkg/domain/software	0.004s
?   	github.com/openctemio/openctem/api/pkg/domain/softwarematch	[no test files]
?   	github.com/openctemio/openctem/api/pkg/domain/ssochange	[no test files]
ok  	github.com/openctemio/openctem/api/pkg/domain/stage	0.005s
ok  	github.com/openctemio/openctem/api/pkg/domain/suppression	0.004s
?   	github.com/openctemio/openctem/api/pkg/domain/telemetry	[no test files]
ok  	github.com/openctemio/openctem/api/pkg/domain/templatesource	0.002s
ok  	github.com/openctemio/openctem/api/pkg/domain/tenant	0.004s
?   	github.com/openctemio/openctem/api/pkg/domain/threatactor	[no test files]
ok  	github.com/openctemio/openctem/api/pkg/domain/threatintel	0.002s
ok  	github.com/openctemio/openctem/api/pkg/domain/threatmodel	0.002s
ok  	github.com/openctemio/openctem/api/pkg/domain/tool	0.003s
?   	github.com/openctemio/openctem/api/pkg/domain/toolcategory	[no test files]
ok  	github.com/openctemio/openctem/api/pkg/domain/user	0.002s
?   	github.com/openctemio/openctem/api/pkg/domain/useridentity	[no test files]
ok  	github.com/openctemio/openctem/api/pkg/domain/verifieddomain	0.002s
ok  	github.com/openctemio/openctem/api/pkg/domain/vulnerability	0.026s
ok  	github.com/openctemio/openctem/api/pkg/domain/vulnmatch	0.005s
ok  	github.com/openctemio/openctem/api/pkg/domain/webendpoint	0.009s
ok  	github.com/openctemio/openctem/api/internal/app/module	0.049s
ok  	github.com/openctemio/openctem/api/tests/unit	43.806s
FAIL
